// Jest Snapshot v1, https://goo.gl/fbAQLP

exports[`should render callback page 1`] = `
<body>
  <div>
    <div>
      Redirecting...
    </div>
  </div>
</body>
`;
